// Jest Snapshot v1, https://goo.gl/fbAQLP

exports[`should match snapshot 1`] = `
<DocumentFragment>
  <form>
    <label
      for="content"
    >
      Todo
    </label>
    <input
      id="content"
      name="content"
      type="text"
      value=""
    />
    <input
      type="submit"
    />
  </form>
</DocumentFragment>
`;
